    Finished `dev` profile [unoptimized + debuginfo] target(s) in 0.06s
     Running `/Volumes/Dev/cache/cargo-target/debug/sentinel`
[2m2026-04-05T04:45:13.811455Z[0m [32m INFO[0m [2msentinel[0m[2m:[0m 🚀 Sentinel binary starting up...
[2m2026-04-05T04:45:13.812191Z[0m [32m INFO[0m [2msentinel[0m[2m:[0m ✅ Loaded config from: /Users/xpx/projects/sparkle-codes/.env.local
[2m2026-04-05T04:45:13.815157Z[0m [33m WARN[0m [2msqlx_postgres::options::parse[0m[2m:[0m ignoring unrecognized connect parameter [3mkey[0m[2m=[0mchannel_binding [3mvalue[0m[2m=[0mrequire
[2m2026-04-05T04:45:16.595166Z[0m [33m WARN[0m [2msqlx::pool::acquire[0m[2m:[0m acquired connection, but time to acquire exceeded slow threshold [3maquired_after_secs[0m[2m=[0m2.779484709 [3mslow_acquire_threshold_secs[0m[2m=[0m2.0
[2m2026-04-05T04:45:16.595242Z[0m [32m INFO[0m [2msentinel[0m[2m:[0m 🚀 Sentinel active: Connected to Neon Knowledge Brain (Pool: 10).
[2m2026-04-05T04:45:16.595351Z[0m [32m INFO[0m [2msentinel[0m[2m:[0m 👀 Monitoring Knowledge Source: /Users/xpx/Data/xpx/Documents/I.P.A.R.A
[2m2026-04-05T04:45:16.596460Z[0m [32m INFO[0m [2msentinel[0m[2m:[0m 🔍 Discovered 23 knowledge nodes in Obsidian Vault.
[2m2026-04-05T04:45:19.314553Z[0m [33m WARN[0m [2msqlx::pool::acquire[0m[2m:[0m acquired connection, but time to acquire exceeded slow threshold [3maquired_after_secs[0m[2m=[0m2.716939834 [3mslow_acquire_threshold_secs[0m[2m=[0m2.0
[2m2026-04-05T04:45:19.368721Z[0m [33m WARN[0m [2msqlx::pool::acquire[0m[2m:[0m acquired connection, but time to acquire exceeded slow threshold [3maquired_after_secs[0m[2m=[0m2.771435541 [3mslow_acquire_threshold_secs[0m[2m=[0m2.0
[2m2026-04-05T04:45:19.488156Z[0m [33m WARN[0m [2msqlx::pool::acquire[0m[2m:[0m acquired connection, but time to acquire exceeded slow threshold [3maquired_after_secs[0m[2m=[0m2.89096125 [3mslow_acquire_threshold_secs[0m[2m=[0m2.0
[2m2026-04-05T04:45:19.518796Z[0m [33m WARN[0m [2msqlx::pool::acquire[0m[2m:[0m acquired connection, but time to acquire exceeded slow threshold [3maquired_after_secs[0m[2m=[0m2.921521375 [3mslow_acquire_threshold_secs[0m[2m=[0m2.0
[2m2026-04-05T04:45:19.546465Z[0m [33m WARN[0m [2msqlx::pool::acquire[0m[2m:[0m acquired connection, but time to acquire exceeded slow threshold [3maquired_after_secs[0m[2m=[0m2.949365583 [3mslow_acquire_threshold_secs[0m[2m=[0m2.0
[2m2026-04-05T04:45:19.550299Z[0m [33m WARN[0m [2msqlx::pool::acquire[0m[2m:[0m acquired connection, but time to acquire exceeded slow threshold [3maquired_after_secs[0m[2m=[0m2.953180166 [3mslow_acquire_threshold_secs[0m[2m=[0m2.0
[2m2026-04-05T04:45:19.550787Z[0m [33m WARN[0m [2msqlx::pool::acquire[0m[2m:[0m acquired connection, but time to acquire exceeded slow threshold [3maquired_after_secs[0m[2m=[0m2.953345875 [3mslow_acquire_threshold_secs[0m[2m=[0m2.0
[2m2026-04-05T04:45:19.554368Z[0m [33m WARN[0m [2msqlx::pool::acquire[0m[2m:[0m acquired connection, but time to acquire exceeded slow threshold [3maquired_after_secs[0m[2m=[0m2.956812792 [3mslow_acquire_threshold_secs[0m[2m=[0m2.0
[2m2026-04-05T04:45:19.554947Z[0m [33m WARN[0m [2msqlx::pool::acquire[0m[2m:[0m acquired connection, but time to acquire exceeded slow threshold [3maquired_after_secs[0m[2m=[0m2.957749708 [3mslow_acquire_threshold_secs[0m[2m=[0m2.0
[2m2026-04-05T04:45:19.706094Z[0m [33m WARN[0m [2msqlx::pool::acquire[0m[2m:[0m acquired connection, but time to acquire exceeded slow threshold [3maquired_after_secs[0m[2m=[0m3.108387125 [3mslow_acquire_threshold_secs[0m[2m=[0m2.0
[2m2026-04-05T04:45:20.050748Z[0m [32m INFO[0m [2msentinel[0m[2m:[0m 🔄 Syncing file: 学习领域/收集/408考频分析.md
[2m2026-04-05T04:45:20.239846Z[0m [32m INFO[0m [2msentinel[0m[2m:[0m 🔄 Syncing file: 0-收集箱/常用提示词整理/文本打磨.md
[2m2026-04-05T04:45:20.260996Z[0m [32m INFO[0m [2msentinel[0m[2m:[0m 🔄 Syncing file: 工作领域/项目/测试.md
[2m2026-04-05T04:45:20.293573Z[0m [32m INFO[0m [2msentinel[0m[2m:[0m 🔄 Syncing file: 0-收集箱/未命名.md
[2m2026-04-05T04:45:20.298456Z[0m [32m INFO[0m [2msentinel[0m[2m:[0m 🔄 Syncing file: 0-收集箱/常用提示词整理/豆豆生图.md
[2m2026-04-05T04:45:20.303744Z[0m [32m INFO[0m [2msentinel[0m[2m:[0m 🔄 Syncing file: 学习领域/收集/考研英语写作与答题策略核心.md
[2m2026-04-05T04:45:20.304259Z[0m [32m INFO[0m [2msentinel[0m[2m:[0m 🔄 Syncing file: 工作领域/项目/高质量函数性态总结.md
[2m2026-04-05T04:45:20.345046Z[0m [32m INFO[0m [2msentinel[0m[2m:[0m 🔄 Syncing file: 0-收集箱/常用提示词整理/错误整理.md
[2m2026-04-05T04:45:20.800747Z[0m [33m WARN[0m [2msqlx::pool::acquire[0m[2m:[0m acquired connection, but time to acquire exceeded slow threshold [3maquired_after_secs[0m[2m=[0m4.202947292 [3mslow_acquire_threshold_secs[0m[2m=[0m2.0
[2m2026-04-05T04:45:20.879544Z[0m [33m WARN[0m [2msqlx::pool::acquire[0m[2m:[0m acquired connection, but time to acquire exceeded slow threshold [3maquired_after_secs[0m[2m=[0m4.281603291 [3mslow_acquire_threshold_secs[0m[2m=[0m2.0
[2m2026-04-05T04:45:20.882377Z[0m [33m WARN[0m [2msqlx::pool::acquire[0m[2m:[0m acquired connection, but time to acquire exceeded slow threshold [3maquired_after_secs[0m[2m=[0m4.284535 [3mslow_acquire_threshold_secs[0m[2m=[0m2.0
[2m2026-04-05T04:45:21.015501Z[0m [33m WARN[0m [2msqlx::pool::acquire[0m[2m:[0m acquired connection, but time to acquire exceeded slow threshold [3maquired_after_secs[0m[2m=[0m4.417446667 [3mslow_acquire_threshold_secs[0m[2m=[0m2.0
[2m2026-04-05T04:45:21.043310Z[0m [33m WARN[0m [2msqlx::pool::acquire[0m[2m:[0m acquired connection, but time to acquire exceeded slow threshold [3maquired_after_secs[0m[2m=[0m4.4452075 [3mslow_acquire_threshold_secs[0m[2m=[0m2.0
[2m2026-04-05T04:45:21.066592Z[0m [33m WARN[0m [2msqlx::pool::acquire[0m[2m:[0m acquired connection, but time to acquire exceeded slow threshold [3maquired_after_secs[0m[2m=[0m4.468434792 [3mslow_acquire_threshold_secs[0m[2m=[0m2.0
[2m2026-04-05T04:45:21.083324Z[0m [33m WARN[0m [2msqlx::pool::acquire[0m[2m:[0m acquired connection, but time to acquire exceeded slow threshold [3maquired_after_secs[0m[2m=[0m4.484794083 [3mslow_acquire_threshold_secs[0m[2m=[0m2.0
[2m2026-04-05T04:45:21.083885Z[0m [33m WARN[0m [2msqlx::pool::acquire[0m[2m:[0m acquired connection, but time to acquire exceeded slow threshold [3maquired_after_secs[0m[2m=[0m4.480768042 [3mslow_acquire_threshold_secs[0m[2m=[0m2.0
[2m2026-04-05T04:45:21.087113Z[0m [33m WARN[0m [2msqlx::pool::acquire[0m[2m:[0m acquired connection, but time to acquire exceeded slow threshold [3maquired_after_secs[0m[2m=[0m4.483591916 [3mslow_acquire_threshold_secs[0m[2m=[0m2.0
[2m2026-04-05T04:45:21.132771Z[0m [33m WARN[0m [2msqlx::pool::acquire[0m[2m:[0m acquired connection, but time to acquire exceeded slow threshold [3maquired_after_secs[0m[2m=[0m4.528504709 [3mslow_acquire_threshold_secs[0m[2m=[0m2.0
[2m2026-04-05T04:45:21.277101Z[0m [32m INFO[0m [2msentinel[0m[2m:[0m 🔄 Syncing file: 工作领域/归档/卡片盒笔记主题索引卡/macOS环境装机指南.md
[2m2026-04-05T04:45:21.296442Z[0m [32m INFO[0m [2msentinel[0m[2m:[0m 🔄 Syncing file: 工作领域/项目/学习流程设计/README.md
[2m2026-04-05T04:45:21.423211Z[0m [32m INFO[0m [2msentinel[0m[2m:[0m 🔄 Syncing file: 工作领域/收集/证书准备.md
[2m2026-04-05T04:45:21.440462Z[0m [32m INFO[0m [2msentinel[0m[2m:[0m 🔄 Syncing file: 工作领域/项目/学习流程设计/知识提取.md
[2m2026-04-05T04:45:21.939063Z[0m [33m WARN[0m [2msqlx::pool::acquire[0m[2m:[0m acquired connection, but time to acquire exceeded slow threshold [3maquired_after_secs[0m[2m=[0m5.334639917 [3mslow_acquire_threshold_secs[0m[2m=[0m2.0
[2m2026-04-05T04:45:22.391394Z[0m [32m INFO[0m [2msentinel[0m[2m:[0m 📑 Transaction started for: 学习领域/收集/408考频分析.md
[2m2026-04-05T04:45:22.434619Z[0m [32m INFO[0m [2msentinel[0m[2m:[0m 📑 Transaction started for: 0-收集箱/常用提示词整理/文本打磨.md
[2m2026-04-05T04:45:22.530379Z[0m [32m INFO[0m [2msentinel[0m[2m:[0m 📑 Transaction started for: 工作领域/项目/测试.md
[2m2026-04-05T04:45:22.538960Z[0m [32m INFO[0m [2msentinel[0m[2m:[0m 📑 Transaction started for: 0-收集箱/未命名.md
[2m2026-04-05T04:45:22.569310Z[0m [32m INFO[0m [2msentinel[0m[2m:[0m 📑 Transaction started for: 0-收集箱/常用提示词整理/豆豆生图.md
[2m2026-04-05T04:45:22.591470Z[0m [32m INFO[0m [2msentinel[0m[2m:[0m 📑 Transaction started for: 学习领域/收集/考研英语写作与答题策略核心.md
[2m2026-04-05T04:45:22.595252Z[0m [32m INFO[0m [2msentinel[0m[2m:[0m 📑 Transaction started for: 0-收集箱/常用提示词整理/错误整理.md
[2m2026-04-05T04:45:22.606920Z[0m [32m INFO[0m [2msentinel[0m[2m:[0m 📑 Transaction started for: 工作领域/项目/高质量函数性态总结.md
[2m2026-04-05T04:45:22.658381Z[0m [32m INFO[0m [2msentinel[0m[2m:[0m 📑 Transaction started for: 工作领域/归档/卡片盒笔记主题索引卡/macOS环境装机指南.md
[2m2026-04-05T04:45:23.411143Z[0m [32m INFO[0m [2msentinel[0m[2m:[0m 📑 Transaction started for: 工作领域/项目/学习流程设计/README.md
[2m2026-04-05T04:45:23.413875Z[0m [33m WARN[0m [2msqlx::query[0m[2m:[0m slow statement: execution time exceeded alert threshold [3msummary[0m[2m=[0m"INSERT INTO documents ( …" [3mdb.statement[0m[2m=[0m"\n\n\n                INSERT INTO documents (\n                    \"id\", \"vaultPath\", \"slug\", \"title\", \"description\", \"aliases\",\n                    \"content\", \"html\", \"contentHash\", \"parserVersion\", \n                    \"area\", \"sourceType\", \"isPublished\", \"metadata\", \"createdAt\", \"updatedAt\"\n                )\n                VALUES ($1, $2, $3, $4, $5, $6, $7, $8, $9, $10, CAST($11 AS \"Area\"), CAST($12 AS \"SourceType\"), $13, $14, $15, $16)\n                ON CONFLICT (\"vaultPath\") DO UPDATE SET\n                    \"slug\" = EXCLUDED.\"slug\",\n                    \"title\" = EXCLUDED.\"title\",\n                    \"description\" = EXCLUDED.\"description\",\n                    \"aliases\" = EXCLUDED.\"aliases\",\n                    \"content\" = EXCLUDED.\"content\",\n                    \"html\" = EXCLUDED.\"html\",\n                    \"contentHash\" = EXCLUDED.\"contentHash\",\n                    \"parserVersion\" = EXCLUDED.\"parserVersion\",\n                    \"area\" = EXCLUDED.\"area\",\n                    \"isPublished\" = EXCLUDED.\"isPublished\",\n                    \"metadata\" = EXCLUDED.\"metadata\",\n                    \"updatedAt\" = EXCLUDED.\"updatedAt\"\n                RETURNING id\n                \n" [3mrows_affected[0m[2m=[0m1 [3mrows_returned[0m[2m=[0m1 [3melapsed[0m[2m=[0m1.021340459s [3melapsed_secs[0m[2m=[0m1.021340459 [3mslow_threshold[0m[2m=[0m1s
[2m2026-04-05T04:45:23.592328Z[0m [33m WARN[0m [2msqlx::query[0m[2m:[0m slow statement: execution time exceeded alert threshold [3msummary[0m[2m=[0m"INSERT INTO documents ( …" [3mdb.statement[0m[2m=[0m"\n\n\n                INSERT INTO documents (\n                    \"id\", \"vaultPath\", \"slug\", \"title\", \"description\", \"aliases\",\n                    \"content\", \"html\", \"contentHash\", \"parserVersion\", \n                    \"area\", \"sourceType\", \"isPublished\", \"metadata\", \"createdAt\", \"updatedAt\"\n                )\n                VALUES ($1, $2, $3, $4, $5, $6, $7, $8, $9, $10, CAST($11 AS \"Area\"), CAST($12 AS \"SourceType\"), $13, $14, $15, $16)\n                ON CONFLICT (\"vaultPath\") DO UPDATE SET\n                    \"slug\" = EXCLUDED.\"slug\",\n                    \"title\" = EXCLUDED.\"title\",\n                    \"description\" = EXCLUDED.\"description\",\n                    \"aliases\" = EXCLUDED.\"aliases\",\n                    \"content\" = EXCLUDED.\"content\",\n                    \"html\" = EXCLUDED.\"html\",\n                    \"contentHash\" = EXCLUDED.\"contentHash\",\n                    \"parserVersion\" = EXCLUDED.\"parserVersion\",\n                    \"area\" = EXCLUDED.\"area\",\n                    \"isPublished\" = EXCLUDED.\"isPublished\",\n                    \"metadata\" = EXCLUDED.\"metadata\",\n                    \"updatedAt\" = EXCLUDED.\"updatedAt\"\n                RETURNING id\n                \n" [3mrows_affected[0m[2m=[0m1 [3mrows_returned[0m[2m=[0m1 [3melapsed[0m[2m=[0m1.0003935s [3melapsed_secs[0m[2m=[0m1.0003935 [3mslow_threshold[0m[2m=[0m1s
[2m2026-04-05T04:45:23.655503Z[0m [33m WARN[0m [2msqlx::query[0m[2m:[0m slow statement: execution time exceeded alert threshold [3msummary[0m[2m=[0m"INSERT INTO documents ( …" [3mdb.statement[0m[2m=[0m"\n\n\n                INSERT INTO documents (\n                    \"id\", \"vaultPath\", \"slug\", \"title\", \"description\", \"aliases\",\n                    \"content\", \"html\", \"contentHash\", \"parserVersion\", \n                    \"area\", \"sourceType\", \"isPublished\", \"metadata\", \"createdAt\", \"updatedAt\"\n                )\n                VALUES ($1, $2, $3, $4, $5, $6, $7, $8, $9, $10, CAST($11 AS \"Area\"), CAST($12 AS \"SourceType\"), $13, $14, $15, $16)\n                ON CONFLICT (\"vaultPath\") DO UPDATE SET\n                    \"slug\" = EXCLUDED.\"slug\",\n                    \"title\" = EXCLUDED.\"title\",\n                    \"description\" = EXCLUDED.\"description\",\n                    \"aliases\" = EXCLUDED.\"aliases\",\n                    \"content\" = EXCLUDED.\"content\",\n                    \"html\" = EXCLUDED.\"html\",\n                    \"contentHash\" = EXCLUDED.\"contentHash\",\n                    \"parserVersion\" = EXCLUDED.\"parserVersion\",\n                    \"area\" = EXCLUDED.\"area\",\n                    \"isPublished\" = EXCLUDED.\"isPublished\",\n                    \"metadata\" = EXCLUDED.\"metadata\",\n                    \"updatedAt\" = EXCLUDED.\"updatedAt\"\n                RETURNING id\n                \n" [3mrows_affected[0m[2m=[0m1 [3mrows_returned[0m[2m=[0m1 [3melapsed[0m[2m=[0m1.047827292s [3melapsed_secs[0m[2m=[0m1.047827292 [3mslow_threshold[0m[2m=[0m1s
[2m2026-04-05T04:45:23.711626Z[0m [33m WARN[0m [2msqlx::query[0m[2m:[0m slow statement: execution time exceeded alert threshold [3msummary[0m[2m=[0m"INSERT INTO documents ( …" [3mdb.statement[0m[2m=[0m"\n\n\n                INSERT INTO documents (\n                    \"id\", \"vaultPath\", \"slug\", \"title\", \"description\", \"aliases\",\n                    \"content\", \"html\", \"contentHash\", \"parserVersion\", \n                    \"area\", \"sourceType\", \"isPublished\", \"metadata\", \"createdAt\", \"updatedAt\"\n                )\n                VALUES ($1, $2, $3, $4, $5, $6, $7, $8, $9, $10, CAST($11 AS \"Area\"), CAST($12 AS \"SourceType\"), $13, $14, $15, $16)\n                ON CONFLICT (\"vaultPath\") DO UPDATE SET\n                    \"slug\" = EXCLUDED.\"slug\",\n                    \"title\" = EXCLUDED.\"title\",\n                    \"description\" = EXCLUDED.\"description\",\n                    \"aliases\" = EXCLUDED.\"aliases\",\n                    \"content\" = EXCLUDED.\"content\",\n                    \"html\" = EXCLUDED.\"html\",\n                    \"contentHash\" = EXCLUDED.\"contentHash\",\n                    \"parserVersion\" = EXCLUDED.\"parserVersion\",\n                    \"area\" = EXCLUDED.\"area\",\n                    \"isPublished\" = EXCLUDED.\"isPublished\",\n                    \"metadata\" = EXCLUDED.\"metadata\",\n                    \"updatedAt\" = EXCLUDED.\"updatedAt\"\n                RETURNING id\n                \n" [3mrows_affected[0m[2m=[0m1 [3mrows_returned[0m[2m=[0m1 [3melapsed[0m[2m=[0m1.052631333s [3melapsed_secs[0m[2m=[0m1.052631333 [3mslow_threshold[0m[2m=[0m1s
[2m2026-04-05T04:45:24.839739Z[0m [32m INFO[0m [2msentinel[0m[2m:[0m ✨ Synced [WORK]: 工作领域/项目/高质量函数性态总结 (Database Only)
[2m2026-04-05T04:45:25.193493Z[0m [33m WARN[0m [2msqlx::pool::acquire[0m[2m:[0m acquired connection, but time to acquire exceeded slow threshold [3maquired_after_secs[0m[2m=[0m3.7452746660000003 [3mslow_acquire_threshold_secs[0m[2m=[0m2.0
[2m2026-04-05T04:45:25.309302Z[0m [33m WARN[0m [2msqlx::pool::acquire[0m[2m:[0m acquired connection, but time to acquire exceeded slow threshold [3maquired_after_secs[0m[2m=[0m3.852651416 [3mslow_acquire_threshold_secs[0m[2m=[0m2.0
[2m2026-04-05T04:45:25.387646Z[0m [32m INFO[0m [2msentinel[0m[2m:[0m ✨ Synced [WORK]: 工作领域/项目/学习流程设计/README (Database Only)
[2m2026-04-05T04:45:25.582688Z[0m [32m INFO[0m [2msentinel[0m[2m:[0m 📑 Transaction started for: 工作领域/收集/证书准备.md
[2m2026-04-05T04:45:25.690577Z[0m [32m INFO[0m [2msentinel[0m[2m:[0m 📑 Transaction started for: 工作领域/项目/学习流程设计/知识提取.md
[2m2026-04-05T04:45:25.696190Z[0m [32m INFO[0m [2msentinel[0m[2m:[0m ✨ Synced [WORK]: 工作领域/归档/卡片盒笔记主题索引卡/macOS环境装机指南 (Database Only)
[2m2026-04-05T04:45:25.696746Z[0m [33m WARN[0m [2msentinel[0m[2m:[0m ⚠️  Asset sync warning for Pasted image 20260403152534.png: Source asset not found: "/Users/xpx/Data/xpx/Extras/附件/Pasted image 20260403152534.png"
[2m2026-04-05T04:45:26.979873Z[0m [32m INFO[0m [2msentinel[0m[2m:[0m ✨ Synced [WORK]: 工作领域/项目/学习流程设计/知识提取 (Database Only)
[2m2026-04-05T04:45:28.056637Z[0m [32m INFO[0m [2msentinel[0m[2m:[0m ✨ Synced [WORK]: Obsidian Markdown 全语法测试（增强版） (Database Only)
[2m2026-04-05T04:45:28.062763Z[0m [32m INFO[0m [2msentinel[0m[2m:[0m 🛑 Press Ctrl-C to initiate graceful shutdown.
[2m2026-04-05T04:54:38.964092Z[0m [32m INFO[0m [2msqlx_core::pool::inner[0m[2m:[0m ping on idle connection returned error [3merror[0m[2m=[0merror communicating with database: Broken pipe (os error 32)
[2m2026-04-05T04:54:44.333905Z[0m [33m WARN[0m [2msqlx::pool::acquire[0m[2m:[0m acquired connection, but time to acquire exceeded slow threshold [3maquired_after_secs[0m[2m=[0m5.369937959 [3mslow_acquire_threshold_secs[0m[2m=[0m2.0
[2m2026-04-05T04:54:45.578740Z[0m [33m WARN[0m [2msqlx::query[0m[2m:[0m slow statement: execution time exceeded alert threshold [3msummary[0m[2m=[0m"SELECT \"contentHash\", \"parserVersion\", \"slug\", …" [3mdb.statement[0m[2m=[0m"\n\nSELECT \"contentHash\", \"parserVersion\", \"slug\", \"area\"::text FROM documents WHERE \"vaultPath\" = $1\n" [3mrows_affected[0m[2m=[0m1 [3mrows_returned[0m[2m=[0m1 [3melapsed[0m[2m=[0m1.244555125s [3melapsed_secs[0m[2m=[0m1.244555125 [3mslow_threshold[0m[2m=[0m1s
[2m2026-04-05T04:54:45.579240Z[0m [32m INFO[0m [2msentinel[0m[2m:[0m 🔄 Syncing file: 工作领域/项目/测试.md
[2m2026-04-05T04:54:45.610858Z[0m [32m INFO[0m [2msqlx_core::pool::inner[0m[2m:[0m ping on idle connection returned error [3merror[0m[2m=[0merror communicating with database: Broken pipe (os error 32)
[2m2026-04-05T04:54:48.486486Z[0m [33m WARN[0m [2msqlx::pool::acquire[0m[2m:[0m acquired connection, but time to acquire exceeded slow threshold [3maquired_after_secs[0m[2m=[0m2.8756770830000002 [3mslow_acquire_threshold_secs[0m[2m=[0m2.0
[2m2026-04-05T04:54:48.865759Z[0m [32m INFO[0m [2msentinel[0m[2m:[0m 📑 Transaction started for: 工作领域/项目/测试.md
[2m2026-04-05T04:54:54.274789Z[0m [32m INFO[0m [2msentinel[0m[2m:[0m ✨ Synced [WORK]: Obsidian Markdown 全语法测试（增强版） (Database Only)
